
> react-kavia@0.1.0 start
> cross-env EDIT_MODE=true webpack serve --config .ve/webpack.config.js --mode development

<i> [webpack-dev-server] Project is running at:
<i> [webpack-dev-server] Loopback: http://localhost:3000/, http://[::1]:3000/
<i> [webpack-dev-server] On Your Network (IPv4): http://172.17.0.2:3000/
<i> [webpack-dev-server] Content not from webpack is served from './public' directory
Injecting EditorRootWrapper import: ../.ve/EditorRootWrapper
asset bundle.js 1.39 MiB [emitted] (name: main)
asset index.html 1.98 KiB [emitted]
runtime modules 27.5 KiB 14 modules
modules by path ./node_modules/ 1.24 MiB 31 modules
modules by path ./src/ 10.3 KiB
  modules by path ./src/*.css 7.49 KiB 4 modules
  modules by path ./src/*.js 2.76 KiB
    ./src/index.js 530 bytes [built] [code generated]
    ./src/App.js 2.25 KiB [built] [code generated]
modules by path ./.ve/ 15.1 KiB
  modules by path ./.ve/*.js 10.6 KiB 2 modules
  modules by path ./.ve/*.css 2.93 KiB
    ./.ve/EditorOverlay.css 2.25 KiB [built] [code generated]
    ./node_modules/css-loader/dist/cjs.js!./.ve/EditorOverlay.css 697 bytes [built] [code generated]
  ./.ve/EditorOverlay.jsx 1.58 KiB [built] [code generated]
webpack 5.99.9 compiled successfully in 1260 ms
assets by status 1.98 KiB [cached] 1 asset
assets by path *.js 1.4 MiB
  asset bundle.js 1.39 MiB [emitted] (name: main)
  asset main.fa09cddd6ee74ba8b78e.hot-update.js 6.73 KiB [emitted] [immutable] [hmr] (name: main)
asset main.fa09cddd6ee74ba8b78e.hot-update.json 28 bytes [emitted] [immutable] [hmr]
Entrypoint main 1.4 MiB = bundle.js 1.39 MiB main.fa09cddd6ee74ba8b78e.hot-update.js 6.73 KiB
cached modules 1.26 MiB [cached] 41 modules
runtime modules 27.5 KiB 14 modules
./src/App.js 2.95 KiB [built] [code generated]

ERROR in ./src/App.js 3:0-51
Module not found: Error: Can't resolve './components/NewsSection' in '/home/kavia/workspace/code-generation/communityconnect-59602-131042d1/communityconnect_frontend/src'
 @ ./src/index.js 5:0-24 11:32-35

ERROR in ./src/App.js 4:0-55
Module not found: Error: Can't resolve './components/WeatherWidget' in '/home/kavia/workspace/code-generation/communityconnect-59602-131042d1/communityconnect_frontend/src'
 @ ./src/index.js 5:0-24 11:32-35

ERROR in ./src/App.js 5:0-63
Module not found: Error: Can't resolve './components/EmergencyContacts' in '/home/kavia/workspace/code-generation/communityconnect-59602-131042d1/communityconnect_frontend/src'
 @ ./src/index.js 5:0-24 11:32-35

ERROR in ./src/App.js 6:0-51
Module not found: Error: Can't resolve './components/LocalEvents' in '/home/kavia/workspace/code-generation/communityconnect-59602-131042d1/communityconnect_frontend/src'
 @ ./src/index.js 5:0-24 11:32-35

4 errors have detailed information that is not shown.
Use 'stats.errorDetails: true' resp. '--stats-error-details' to show it.

webpack 5.99.9 compiled with 4 errors in 109 ms
assets by status 1.98 KiB [cached] 1 asset
assets by path *.js 1.41 MiB
  asset bundle.js 1.4 MiB [emitted] (name: main)
  asset main.d97e511fb49f8d516a68.hot-update.js 12.3 KiB [emitted] [immutable] [hmr] (name: main)
asset main.d97e511fb49f8d516a68.hot-update.json 28 bytes [emitted] [immutable] [hmr]
Entrypoint main 1.41 MiB = bundle.js 1.4 MiB main.d97e511fb49f8d516a68.hot-update.js 12.3 KiB
cached modules 1.26 MiB [cached] 41 modules
runtime modules 27.5 KiB 14 modules
javascript modules 6.55 KiB
  ./src/App.js 2.95 KiB [code generated]
  ./src/components/NewsSection.js 3.6 KiB [built] [code generated]

ERROR in ./src/App.js 4:0-55
Module not found: Error: Can't resolve './components/WeatherWidget' in '/home/kavia/workspace/code-generation/communityconnect-59602-131042d1/communityconnect_frontend/src'
 @ ./src/index.js 5:0-24 11:32-35

ERROR in ./src/App.js 5:0-63
Module not found: Error: Can't resolve './components/EmergencyContacts' in '/home/kavia/workspace/code-generation/communityconnect-59602-131042d1/communityconnect_frontend/src'
 @ ./src/index.js 5:0-24 11:32-35

ERROR in ./src/App.js 6:0-51
Module not found: Error: Can't resolve './components/LocalEvents' in '/home/kavia/workspace/code-generation/communityconnect-59602-131042d1/communityconnect_frontend/src'
 @ ./src/index.js 5:0-24 11:32-35

ERROR in ./src/components/NewsSection.js 2:0-27
Module not found: Error: Can't resolve './NewsSection.css' in '/home/kavia/workspace/code-generation/communityconnect-59602-131042d1/communityconnect_frontend/src/components'
 @ ./src/App.js 3:0-51 61:39-50
 @ ./src/index.js 5:0-24 11:32-35

4 errors have detailed information that is not shown.
Use 'stats.errorDetails: true' resp. '--stats-error-details' to show it.

webpack 5.99.9 compiled with 4 errors in 71 ms
assets by status 1.98 KiB [cached] 1 asset
assets by path *.js 1.42 MiB
  asset bundle.js 1.41 MiB [emitted] (name: main)
  asset main.0da910982fd7fd3eacb7.hot-update.js 13 KiB [emitted] [immutable] [hmr] (name: main)
asset main.0da910982fd7fd3eacb7.hot-update.json 28 bytes [emitted] [immutable] [hmr]
Entrypoint main 1.42 MiB = bundle.js 1.41 MiB main.0da910982fd7fd3eacb7.hot-update.js 13 KiB
cached modules 1.27 MiB [cached] 42 modules
runtime modules 27.5 KiB 14 modules
javascript modules 7.19 KiB
  ./src/App.js 2.95 KiB [code generated]
  ./src/components/WeatherWidget.js 4.24 KiB [built] [code generated]

ERROR in ./src/App.js 5:0-63
Module not found: Error: Can't resolve './components/EmergencyContacts' in '/home/kavia/workspace/code-generation/communityconnect-59602-131042d1/communityconnect_frontend/src'
 @ ./src/index.js 5:0-24 11:32-35

ERROR in ./src/App.js 6:0-51
Module not found: Error: Can't resolve './components/LocalEvents' in '/home/kavia/workspace/code-generation/communityconnect-59602-131042d1/communityconnect_frontend/src'
 @ ./src/index.js 5:0-24 11:32-35

ERROR in ./src/components/NewsSection.js 2:0-27
Module not found: Error: Can't resolve './NewsSection.css' in '/home/kavia/workspace/code-generation/communityconnect-59602-131042d1/communityconnect_frontend/src/components'
 @ ./src/App.js 3:0-51 61:39-50
 @ ./src/index.js 5:0-24 11:32-35

ERROR in ./src/components/WeatherWidget.js 2:0-29
Module not found: Error: Can't resolve './WeatherWidget.css' in '/home/kavia/workspace/code-generation/communityconnect-59602-131042d1/communityconnect_frontend/src/components'
 @ ./src/App.js 4:0-55 69:39-52
 @ ./src/index.js 5:0-24 11:32-35

4 errors have detailed information that is not shown.
Use 'stats.errorDetails: true' resp. '--stats-error-details' to show it.

webpack 5.99.9 compiled with 4 errors in 83 ms
assets by status 1.98 KiB [cached] 1 asset
assets by path *.js 1.42 MiB
  asset bundle.js 1.41 MiB [emitted] (name: main)
  asset main.ab1172ef62610b7068fe.hot-update.js 12.3 KiB [emitted] [immutable] [hmr] (name: main)
asset main.ab1172ef62610b7068fe.hot-update.json 28 bytes [emitted] [immutable] [hmr]
Entrypoint main 1.42 MiB = bundle.js 1.41 MiB main.ab1172ef62610b7068fe.hot-update.js 12.3 KiB
cached modules 1.27 MiB [cached] 43 modules
runtime modules 27.5 KiB 14 modules
javascript modules 6.65 KiB
  ./src/App.js 2.95 KiB [code generated]
  ./src/components/EmergencyContacts.js 3.7 KiB [built] [code generated]

ERROR in ./src/App.js 6:0-51
Module not found: Error: Can't resolve './components/LocalEvents' in '/home/kavia/workspace/code-generation/communityconnect-59602-131042d1/communityconnect_frontend/src'
 @ ./src/index.js 5:0-24 11:32-35

ERROR in ./src/components/EmergencyContacts.js 2:0-33
Module not found: Error: Can't resolve './EmergencyContacts.css' in '/home/kavia/workspace/code-generation/communityconnect-59602-131042d1/communityconnect_frontend/src/components'
 @ ./src/App.js 5:0-63 71:32-49
 @ ./src/index.js 5:0-24 11:32-35

ERROR in ./src/components/NewsSection.js 2:0-27
Module not found: Error: Can't resolve './NewsSection.css' in '/home/kavia/workspace/code-generation/communityconnect-59602-131042d1/communityconnect_frontend/src/components'
 @ ./src/App.js 3:0-51 61:39-50
 @ ./src/index.js 5:0-24 11:32-35

ERROR in ./src/components/WeatherWidget.js 2:0-29
Module not found: Error: Can't resolve './WeatherWidget.css' in '/home/kavia/workspace/code-generation/communityconnect-59602-131042d1/communityconnect_frontend/src/components'
 @ ./src/App.js 4:0-55 69:39-52
 @ ./src/index.js 5:0-24 11:32-35

4 errors have detailed information that is not shown.
Use 'stats.errorDetails: true' resp. '--stats-error-details' to show it.

webpack 5.99.9 compiled with 4 errors in 62 ms
assets by status 1.98 KiB [cached] 1 asset
assets by path *.js 1.43 MiB
  asset bundle.js 1.42 MiB [emitted] (name: main)
  asset main.9fb43412de2559714abf.hot-update.js 12.6 KiB [emitted] [immutable] [hmr] (name: main)
asset main.9fb43412de2559714abf.hot-update.json 28 bytes [emitted] [immutable] [hmr]
Entrypoint main 1.43 MiB = bundle.js 1.42 MiB main.9fb43412de2559714abf.hot-update.js 12.6 KiB
cached modules 1.27 MiB [cached] 44 modules
runtime modules 27.5 KiB 14 modules
javascript modules 6.88 KiB
  ./src/App.js 2.95 KiB [code generated]
  ./src/components/LocalEvents.js 3.92 KiB [built] [code generated]

ERROR in ./src/components/EmergencyContacts.js 2:0-33
Module not found: Error: Can't resolve './EmergencyContacts.css' in '/home/kavia/workspace/code-generation/communityconnect-59602-131042d1/communityconnect_frontend/src/components'
 @ ./src/App.js 5:0-63 71:32-49
 @ ./src/index.js 5:0-24 11:32-35

ERROR in ./src/components/LocalEvents.js 2:0-27
Module not found: Error: Can't resolve './LocalEvents.css' in '/home/kavia/workspace/code-generation/communityconnect-59602-131042d1/communityconnect_frontend/src/components'
 @ ./src/App.js 6:0-51 63:32-43
 @ ./src/index.js 5:0-24 11:32-35

ERROR in ./src/components/NewsSection.js 2:0-27
Module not found: Error: Can't resolve './NewsSection.css' in '/home/kavia/workspace/code-generation/communityconnect-59602-131042d1/communityconnect_frontend/src/components'
 @ ./src/App.js 3:0-51 61:39-50
 @ ./src/index.js 5:0-24 11:32-35

ERROR in ./src/components/WeatherWidget.js 2:0-29
Module not found: Error: Can't resolve './WeatherWidget.css' in '/home/kavia/workspace/code-generation/communityconnect-59602-131042d1/communityconnect_frontend/src/components'
 @ ./src/App.js 4:0-55 69:39-52
 @ ./src/index.js 5:0-24 11:32-35

4 errors have detailed information that is not shown.
Use 'stats.errorDetails: true' resp. '--stats-error-details' to show it.

webpack 5.99.9 compiled with 4 errors in 59 ms
assets by status 1.98 KiB [cached] 1 asset
assets by path *.js 1.42 MiB
  asset bundle.js 1.42 MiB [emitted] (name: main)
  asset main.08191c2256582f85c2ab.hot-update.js 5.18 KiB [emitted] [immutable] [hmr] (name: main)
asset main.08191c2256582f85c2ab.hot-update.json 28 bytes [emitted] [immutable] [hmr]
Entrypoint main 1.42 MiB = bundle.js 1.42 MiB main.08191c2256582f85c2ab.hot-update.js 5.18 KiB
cached modules 1.28 MiB [cached] 45 modules
runtime modules 27.5 KiB 14 modules
./node_modules/css-loader/dist/cjs.js!./src/App.css 2.7 KiB [built] [code generated]

ERROR in ./src/components/EmergencyContacts.js 2:0-33
Module not found: Error: Can't resolve './EmergencyContacts.css' in '/home/kavia/workspace/code-generation/communityconnect-59602-131042d1/communityconnect_frontend/src/components'
 @ ./src/App.js 5:0-63 71:32-49
 @ ./src/index.js 5:0-24 11:32-35

ERROR in ./src/components/LocalEvents.js 2:0-27
Module not found: Error: Can't resolve './LocalEvents.css' in '/home/kavia/workspace/code-generation/communityconnect-59602-131042d1/communityconnect_frontend/src/components'
 @ ./src/App.js 6:0-51 63:32-43
 @ ./src/index.js 5:0-24 11:32-35

ERROR in ./src/components/NewsSection.js 2:0-27
Module not found: Error: Can't resolve './NewsSection.css' in '/home/kavia/workspace/code-generation/communityconnect-59602-131042d1/communityconnect_frontend/src/components'
 @ ./src/App.js 3:0-51 61:39-50
 @ ./src/index.js 5:0-24 11:32-35

ERROR in ./src/components/WeatherWidget.js 2:0-29
Module not found: Error: Can't resolve './WeatherWidget.css' in '/home/kavia/workspace/code-generation/communityconnect-59602-131042d1/communityconnect_frontend/src/components'
 @ ./src/App.js 4:0-55 69:39-52
 @ ./src/index.js 5:0-24 11:32-35

4 errors have detailed information that is not shown.
Use 'stats.errorDetails: true' resp. '--stats-error-details' to show it.

webpack 5.99.9 compiled with 4 errors in 38 ms
assets by status 1.98 KiB [cached] 1 asset
assets by path *.js 1.44 MiB
  asset bundle.js 1.43 MiB [emitted] (name: main)
  asset main.b3a92e788f6c97a1e5ac.hot-update.js 17.3 KiB [emitted] [immutable] [hmr] (name: main)
asset main.b3a92e788f6c97a1e5ac.hot-update.json 28 bytes [emitted] [immutable] [hmr]
Entrypoint main 1.44 MiB = bundle.js 1.43 MiB main.b3a92e788f6c97a1e5ac.hot-update.js 17.3 KiB
cached modules 1.28 MiB [cached] 45 modules
runtime modules 27.5 KiB 14 modules
javascript modules 7.35 KiB
  ./src/components/NewsSection.js 3.6 KiB [code generated]
  ./src/components/NewsSection.css 2.27 KiB [built] [code generated]
  ./node_modules/css-loader/dist/cjs.js!./src/components/NewsSection.css 1.49 KiB [built] [code generated]

ERROR in ./src/components/EmergencyContacts.js 2:0-33
Module not found: Error: Can't resolve './EmergencyContacts.css' in '/home/kavia/workspace/code-generation/communityconnect-59602-131042d1/communityconnect_frontend/src/components'
 @ ./src/App.js 5:0-63 71:32-49
 @ ./src/index.js 5:0-24 11:32-35

ERROR in ./src/components/LocalEvents.js 2:0-27
Module not found: Error: Can't resolve './LocalEvents.css' in '/home/kavia/workspace/code-generation/communityconnect-59602-131042d1/communityconnect_frontend/src/components'
 @ ./src/App.js 6:0-51 63:32-43
 @ ./src/index.js 5:0-24 11:32-35

ERROR in ./src/components/WeatherWidget.js 2:0-29
Module not found: Error: Can't resolve './WeatherWidget.css' in '/home/kavia/workspace/code-generation/communityconnect-59602-131042d1/communityconnect_frontend/src/components'
 @ ./src/App.js 4:0-55 69:39-52
 @ ./src/index.js 5:0-24 11:32-35

3 errors have detailed information that is not shown.
Use 'stats.errorDetails: true' resp. '--stats-error-details' to show it.

webpack 5.99.9 compiled with 3 errors in 42 ms
assets by status 1.98 KiB [cached] 1 asset
assets by path *.js 1.46 MiB
  asset bundle.js 1.44 MiB [emitted] (name: main)
  asset main.737872d4cf557f3bedf2.hot-update.js 17.9 KiB [emitted] [immutable] [hmr] (name: main)
asset main.737872d4cf557f3bedf2.hot-update.json 28 bytes [emitted] [immutable] [hmr]
Entrypoint main 1.46 MiB = bundle.js 1.44 MiB main.737872d4cf557f3bedf2.hot-update.js 17.9 KiB
cached modules 1.28 MiB [cached] 47 modules
runtime modules 27.5 KiB 14 modules
javascript modules 7.75 KiB
  ./src/components/WeatherWidget.js 4.24 KiB [code generated]
  ./src/components/WeatherWidget.css 2.28 KiB [built] [code generated]
  ./node_modules/css-loader/dist/cjs.js!./src/components/WeatherWidget.css 1.24 KiB [built] [code generated]

ERROR in ./src/components/EmergencyContacts.js 2:0-33
Module not found: Error: Can't resolve './EmergencyContacts.css' in '/home/kavia/workspace/code-generation/communityconnect-59602-131042d1/communityconnect_frontend/src/components'
resolve './EmergencyContacts.css' in '/home/kavia/workspace/code-generation/communityconnect-59602-131042d1/communityconnect_frontend/src/components'
  using description file: /home/kavia/workspace/code-generation/communityconnect-59602-131042d1/communityconnect_frontend/package.json (relative path: ./src/components)
    Field 'browser' doesn't contain a valid alias configuration
    using description file: /home/kavia/workspace/code-generation/communityconnect-59602-131042d1/communityconnect_frontend/package.json (relative path: ./src/components/EmergencyContacts.css)
      no extension
        Field 'browser' doesn't contain a valid alias configuration
        /home/kavia/workspace/code-generation/communityconnect-59602-131042d1/communityconnect_frontend/src/components/EmergencyContacts.css doesn't exist
      .js
        Field 'browser' doesn't contain a valid alias configuration
        /home/kavia/workspace/code-generation/communityconnect-59602-131042d1/communityconnect_frontend/src/components/EmergencyContacts.css.js doesn't exist
      .jsx
        Field 'browser' doesn't contain a valid alias configuration
        /home/kavia/workspace/code-generation/communityconnect-59602-131042d1/communityconnect_frontend/src/components/EmergencyContacts.css.jsx doesn't exist
      as directory
        /home/kavia/workspace/code-generation/communityconnect-59602-131042d1/communityconnect_frontend/src/components/EmergencyContacts.css doesn't exist
 @ ./src/App.js 5:0-63 71:32-49
 @ ./src/index.js 5:0-24 11:32-35

ERROR in ./src/components/LocalEvents.js 2:0-27
Module not found: Error: Can't resolve './LocalEvents.css' in '/home/kavia/workspace/code-generation/communityconnect-59602-131042d1/communityconnect_frontend/src/components'
resolve './LocalEvents.css' in '/home/kavia/workspace/code-generation/communityconnect-59602-131042d1/communityconnect_frontend/src/components'
  using description file: /home/kavia/workspace/code-generation/communityconnect-59602-131042d1/communityconnect_frontend/package.json (relative path: ./src/components)
    Field 'browser' doesn't contain a valid alias configuration
    using description file: /home/kavia/workspace/code-generation/communityconnect-59602-131042d1/communityconnect_frontend/package.json (relative path: ./src/components/LocalEvents.css)
      no extension
        Field 'browser' doesn't contain a valid alias configuration
        /home/kavia/workspace/code-generation/communityconnect-59602-131042d1/communityconnect_frontend/src/components/LocalEvents.css doesn't exist
      .js
        Field 'browser' doesn't contain a valid alias configuration
        /home/kavia/workspace/code-generation/communityconnect-59602-131042d1/communityconnect_frontend/src/components/LocalEvents.css.js doesn't exist
      .jsx
        Field 'browser' doesn't contain a valid alias configuration
        /home/kavia/workspace/code-generation/communityconnect-59602-131042d1/communityconnect_frontend/src/components/LocalEvents.css.jsx doesn't exist
      as directory
        /home/kavia/workspace/code-generation/communityconnect-59602-131042d1/communityconnect_frontend/src/components/LocalEvents.css doesn't exist
 @ ./src/App.js 6:0-51 63:32-43
 @ ./src/index.js 5:0-24 11:32-35

webpack 5.99.9 compiled with 2 errors in 38 ms
assets by status 1.98 KiB [cached] 1 asset
assets by path *.js 1.47 MiB
  asset bundle.js 1.45 MiB [emitted] (name: main)
  asset main.b3e4d215fbbfc700ec11.hot-update.js 17.5 KiB [emitted] [immutable] [hmr] (name: main)
asset main.b3e4d215fbbfc700ec11.hot-update.json 28 bytes [emitted] [immutable] [hmr]
Entrypoint main 1.47 MiB = bundle.js 1.45 MiB main.b3e4d215fbbfc700ec11.hot-update.js 17.5 KiB
cached modules 1.28 MiB [cached] 49 modules
runtime modules 27.5 KiB 14 modules
javascript modules 7.35 KiB
  ./src/components/EmergencyContacts.js 3.7 KiB [code generated]
  ./src/components/EmergencyContacts.css 2.29 KiB [built] [code generated]
  ./node_modules/css-loader/dist/cjs.js!./src/components/EmergencyContacts.css 1.36 KiB [built] [code generated]

ERROR in ./src/components/LocalEvents.js 2:0-27
Module not found: Error: Can't resolve './LocalEvents.css' in '/home/kavia/workspace/code-generation/communityconnect-59602-131042d1/communityconnect_frontend/src/components'
resolve './LocalEvents.css' in '/home/kavia/workspace/code-generation/communityconnect-59602-131042d1/communityconnect_frontend/src/components'
  using description file: /home/kavia/workspace/code-generation/communityconnect-59602-131042d1/communityconnect_frontend/package.json (relative path: ./src/components)
    Field 'browser' doesn't contain a valid alias configuration
    using description file: /home/kavia/workspace/code-generation/communityconnect-59602-131042d1/communityconnect_frontend/package.json (relative path: ./src/components/LocalEvents.css)
      no extension
        Field 'browser' doesn't contain a valid alias configuration
        /home/kavia/workspace/code-generation/communityconnect-59602-131042d1/communityconnect_frontend/src/components/LocalEvents.css doesn't exist
      .js
        Field 'browser' doesn't contain a valid alias configuration
        /home/kavia/workspace/code-generation/communityconnect-59602-131042d1/communityconnect_frontend/src/components/LocalEvents.css.js doesn't exist
      .jsx
        Field 'browser' doesn't contain a valid alias configuration
        /home/kavia/workspace/code-generation/communityconnect-59602-131042d1/communityconnect_frontend/src/components/LocalEvents.css.jsx doesn't exist
      as directory
        /home/kavia/workspace/code-generation/communityconnect-59602-131042d1/communityconnect_frontend/src/components/LocalEvents.css doesn't exist
 @ ./src/App.js 6:0-51 63:32-43
 @ ./src/index.js 5:0-24 11:32-35

webpack 5.99.9 compiled with 1 error in 48 ms
assets by status 1.98 KiB [cached] 1 asset
assets by path *.js 1.48 MiB
  asset bundle.js 1.46 MiB [emitted] (name: main)
  asset main.5cab59652556549dca43.hot-update.js 17.8 KiB [emitted] [immutable] [hmr] (name: main)
asset main.5cab59652556549dca43.hot-update.json 28 bytes [emitted] [immutable] [hmr]
Entrypoint main 1.48 MiB = bundle.js 1.46 MiB main.5cab59652556549dca43.hot-update.js 17.8 KiB
cached modules 1.29 MiB [cached] 51 modules
runtime modules 27.5 KiB 14 modules
javascript modules 7.67 KiB
  ./src/components/LocalEvents.js 3.92 KiB [code generated]
  ./src/components/LocalEvents.css 2.27 KiB [built] [code generated]
  ./node_modules/css-loader/dist/cjs.js!./src/components/LocalEvents.css 1.47 KiB [built] [code generated]
webpack 5.99.9 compiled successfully in 38 ms
